00:00 +0: loading test/extreme_edge_cases_test.dart
00:00 +0: Manual Verification Tests verify markdown is actually ignored - print behavior
Γ£ô Markdown blocks are being handled
00:00 +1: Manual Verification Tests verify what happens with text AFTER json
Γ£ô Text after JSON is ignored
00:00 +2: Extreme Edge Cases - Boundary Conditions leading comma in array - [,1,2]
Leading comma result: [1, 2]
00:00 +3: Extreme Edge Cases - Boundary Conditions leading comma in object - {,"a":1}
Leading comma in object result: 1
00:00 +4: Extreme Edge Cases - Boundary Conditions multiple JSON objects in stream - should only parse first
Γ£ô Correctly only parses first JSON object
00:00 +5: Extreme Edge Cases - Boundary Conditions markdown block containing { before actual JSON
Successfully found real JSON after markdown with braces
00:00 +6: Extreme Edge Cases - Unicode and Special Characters preamble with complex unicode and emojis
00:00 +7: Extreme Edge Cases - Unicode and Special Characters thinking blocks with unicode
00:00 +8: Extreme Edge Cases - Massive Inputs extremely long preamble - 5000 characters
Γ£ô Handled 5000 char preamble
00:01 +9: Extreme Edge Cases - Massive Inputs very deep thinking block nesting
00:01 +10: Extreme Edge Cases - Massive Inputs markdown with random backticks everywhere
00:01 +11: Extreme Edge Cases - Malformed Inputs thinking blocks inside JSON string values
00:01 +12: Extreme Edge Cases - Malformed Inputs empty thinking blocks
00:01 +13: Extreme Edge Cases - Malformed Inputs unclosed markdown with unclosed thinking
00:02 +14: Extreme Edge Cases - Malformed Inputs trailing commas with excessive whitespace
00:02 +15: Stress Tests - Pathological Cases chunk boundary at every critical position
00:05 +15 -1: Stress Tests - Pathological Cases chunk boundary at every critical position [E]
  TimeoutException after 0:00:02.000000: Future not completed
  test\extreme_edge_cases_test.dart 457:24  main.<fn>.<fn>
  
00:05 +15 -1: Stress Tests - Pathological Cases real LLM output simulation - Claude style
00:05 +16 -1: Some tests failed.

Consider enabling the flag chain-stack-traces to receive more detailed exceptions.
For example, 'dart test --chain-stack-traces'.
